// Jest Snapshot v1, https://goo.gl/fbAQLP

exports[`Renders the Shipping Rate Card Component 1`] = `
<div
  className="card  m-4 p-2 shadow promo-card"
  data-label="Mejor Opcion"
>
  <div
    className="card-body"
  >
    <div
      className="row text-center"
    >
      <div
        className="col-md-3"
      >
        <h5
          className="card-title"
        >
          Proveedor
        </h5>
        <h6
          className="card-subtitle mb-2 text-muted"
        >
          UPS
        </h6>
      </div>
      <div
        className="col-md-3"
      >
        <h5
          className="card-title"
        >
          Tiempo entrega
        </h5>
        <h6
          className="card-subtitle mb-2 text-muted"
        >
          0
        </h6>
      </div>
      <div
        className="col-md-3"
      >
        <h5
          className="card-title"
        >
          Precio
        </h5>
        <h6
          className="card-subtitle mb-2 text-muted"
        >
          $ 
          139
           
          MXN
        </h6>
      </div>
      <div
        className="col-md-3"
      >
        <button
          className="btn btn-primary"
          onClick={[Function]}
        >
          Crear etiqueta
        </button>
      </div>
    </div>
  </div>
</div>
`;
